// Jest Snapshot v1, https://goo.gl/fbAQLP

exports[`suffle 1`] = `
Array [
  "e",
  "f",
  "c",
  "d",
  "a",
  "b",
]
`;
